[preview.colorlib.com/theme/shoppers/index.html]
[backblue.gif]
[fade.gif]
[index.html]
[preview.colorlib.com/theme/shoppers/index-2.html]
[preview.colorlib.com/theme/shoppers/fonts,_icomoon,_style.css+css,_bootstrap.min.css+css,_magnific-popup.css+css,_jquery-ui.css+css,_owl.carousel.min.css+css,_owl.theme.default.min.css+css,_aos.css+css,_styl]
[preview.colorlib.com/theme/shoppers/cart.html]
[preview.colorlib.com/theme/shoppers/about.html]
[preview.colorlib.com/theme/shoppers/shop.html]
[preview.colorlib.com/theme/shoppers/contact.html]
[preview.colorlib.com/theme/shoppers/images/xhero_1.jpg.pagespeed.ic.3IlvFk2d3I.jpg]
[preview.colorlib.com/theme/shoppers/images/xwomen.jpg.pagespeed.ic.4BevE_BnvJ.jpg]
[preview.colorlib.com/theme/shoppers/images/xchildren.jpg.pagespeed.ic.icnWZ2U9Sk.jpg]
[preview.colorlib.com/theme/shoppers/images/xmen.jpg.pagespeed.ic.ZRfxJlia07.jpg]
[preview.colorlib.com/theme/shoppers/images/xcloth_1.jpg.pagespeed.ic.uOqnMqZd85.jpg]
[preview.colorlib.com/theme/shoppers/images/xshoe_1.jpg.pagespeed.ic.mIp1cTDHgM.jpg]
[preview.colorlib.com/theme/shoppers/images/xcloth_2.jpg.pagespeed.ic.yIZBOllCLf.jpg]
[preview.colorlib.com/theme/shoppers/images/xcloth_3.jpg.pagespeed.ic.5yo53x_HF5.jpg]
[preview.colorlib.com/theme/shoppers/images/xblog_1.jpg.pagespeed.ic.VQV-O_Xrgz.jpg]
[preview.colorlib.com/cdn-cgi/scripts/5c5dd728/cloudflare-static/email-decode.min.js]
[preview.colorlib.com/theme/shoppers/js/jquery-3.3.1.min.js]
[preview.colorlib.com/theme/shoppers/js/jquery-ui.js+popper.min.js.pagespeed.jc.wCOQF-sYqe.js]
[preview.colorlib.com/theme/shoppers/js/bootstrap.min.js]
[preview.colorlib.com/theme/shoppers/index.html]
[preview.colorlib.com/theme/shoppers/js/owl.carousel.min.js+jquery.magnific-popup.min.js+aos.js+main.js.pagespeed.jc.XC9hmUTyoV.js]
[preview.colorlib.com/theme/shoppers/fonts/icomoon/fonts/icomoon1a44.eot]
[preview.colorlib.com/theme/shoppers/fonts/icomoon/fonts/icomoon1a44.ttf]
[preview.colorlib.com/theme/shoppers/fonts/icomoon/fonts/icomoon1a44.woff]
[preview.colorlib.com/theme/shoppers/css/images/ui-bg_gloss-wave_55_5c9ccc_500x100.png]
[preview.colorlib.com/theme/shoppers/fonts/icomoon/fonts/icomoon1a44.svg]
[preview.colorlib.com/theme/shoppers/css/images/ui-bg_glass_85_dfeffc_1x400.png]
[preview.colorlib.com/theme/shoppers/css/images/ui-bg_glass_75_d0e5f5_1x400.png]
[preview.colorlib.com/theme/shoppers/css/images/ui-bg_inset-hard_100_f5f8f9_1x100.png]
[preview.colorlib.com/theme/shoppers/css/owl.video.play.png]
[preview.colorlib.com/theme/shoppers/fonts,_icomoon,_style.css+css,_bootstrap.min.css+css,_magnific-popup.css+css,_jquery-ui.css+css,_owl.carousel.min.css+css,_owl.theme.default.min.css+css,_aos.css+css,_styl]
[preview.colorlib.com/cdn-cgi/zaraz/sd0d9.js]
[preview.colorlib.com/theme/shoppers/index-2.html]
[preview.colorlib.com/theme/shoppers/cart.html]
[preview.colorlib.com/theme/shoppers/checkout.html]
[preview.colorlib.com/theme/shoppers/A.fonts,,_icomoon,,_style.css+css,,_bootstrap.min.css+css,,_magnific-popup.css+css,,_jquery-ui.css+css,,_owl.carousel.min.css+css,,_owl.theme.default.min.css+css,,_aos.css]
[preview.colorlib.com/theme/shoppers/images/xperson_1.jpg.pagespeed.ic.pm8M3vsAxF.jpg]
[preview.colorlib.com/theme/shoppers/images/xperson_2.jpg.pagespeed.ic.ON2J51Y7di.jpg]
[preview.colorlib.com/theme/shoppers/images/xperson_3.jpg.pagespeed.ic.SfZqKN2Qdo.jpg]
[preview.colorlib.com/theme/shoppers/images/xperson_4.jpg.pagespeed.ic.z9AWXImWPh.jpg]
[preview.colorlib.com/theme/shoppers/about.html]
[preview.colorlib.com/theme/shoppers/shop.html]
[preview.colorlib.com/theme/shoppers/contact.html]
[preview.colorlib.com/theme/shoppers/fonts/icomoon/fonts/icomoon1a44.svg]
[preview.colorlib.com/theme/shoppers/css/images/ui-bg_gloss-wave_55_5c9ccc_500x100.html]
[preview.colorlib.com/theme/shoppers/css/images/ui-bg_glass_85_dfeffc_1x400.html]
[preview.colorlib.com/theme/shoppers/css/images/ui-bg_glass_75_d0e5f5_1x400.html]
[preview.colorlib.com/theme/shoppers/css/images/ui-bg_inset-hard_100_f5f8f9_1x100.html]
[preview.colorlib.com/theme/shoppers/css/owl.video.play.html]
[preview.colorlib.com/theme/shoppers/A.fonts,,_icomoon,,_style.css+css,,_bootstrap.min.css+css,,_magnific-popup.css+css,,_jquery-ui.css+css,,_owl.carousel.min.css+css,,_owl.theme.default.min.css+css,,_aos.css]
[preview.colorlib.com/theme/shoppers/shop-single.html]
[preview.colorlib.com/theme/shoppers/checkout.html]
[preview.colorlib.com/theme/shoppers/shop-single.html]
[preview.colorlib.com/theme/shoppers/thankyou.html]
[preview.colorlib.com/theme/shoppers/thankyou.html]
